[{"newvalue":["a","b","c"],"key":"chars1","oldvalue":["a","b","c"],"status":"unmodified"},{"newvalue":false,"key":"chars2","oldvalue":["d","e","f"],"status":"updated"},{"newvalue":true,"key":"checked","oldvalue":false,"status":"updated"},{"newvalue":["value1","value2"],"key":"default","oldvalue":"null","status":"updated"},{"newvalue":"null","key":"id","oldvalue":45,"status":"updated"},{"newvalue":null,"key":"key1","oldvalue":"value1","status":"removed"},{"newvalue":"value2","key":"key2","oldvalue":null,"status":"added"},{"newvalue":[1,2,3,4],"key":"numbers1","oldvalue":[1,2,3,4],"status":"unmodified"},{"newvalue":[22,33,44,55],"key":"numbers2","oldvalue":[2,3,4,5],"status":"updated"},{"newvalue":null,"key":"numbers3","oldvalue":[3,4,5],"status":"removed"},{"newvalue":[4,5,6],"key":"numbers4","oldvalue":null,"status":"added"},{"newvalue":{"nestedKey":"value","isNested":true},"key":"obj1","oldvalue":null,"status":"added"},{"newvalue":"Another value","key":"setting1","oldvalue":"Some value","status":"updated"},{"newvalue":300,"key":"setting2","oldvalue":200,"status":"updated"},{"newvalue":"none","key":"setting3","oldvalue":true,"status":"updated"}]